// Vitest Snapshot v1, https://vitest.dev/guide/snapshot.html

exports[`Example component test > matches snapshot 1`] = `
<div>
  <div>
    Snapshot test example
  </div>
</div>
`;
